main.c:84:6:rotateLeftMatrix	16	static
main.c:92:6:clearAllColumns	16	static
main.c:98:6:updateLEDMatrix	48	static
main.c:198:5:main	8	static
main.c:308:6:SystemClock_Config	72	static
main.c:344:13:MX_TIM2_Init	32	static
main.c:389:13:MX_GPIO_Init	32	static
main.c:438:6:clear7SEG	8	static
main.c:447:6:display7SEG	16	static
main.c:524:6:update7SEG	16	static
main.c:564:6:updateClockBuffer	4	static
main.c:576:6:HAL_TIM_PeriodElapsedCallback	16	static
main.c:586:6:Error_Handler	4	static,ignoring_inline_asm
